Loaded 470 random scenarios from /home/eg840/LiuProject/rl_trajectory/project/experiments/agentic_trajectory_planning/scenarios_agent/train
Loaded 120 random scenarios from /home/eg840/LiuProject/rl_trajectory/project/experiments/agentic_trajectory_planning/scenarios_agent/val
[labels] 唯一状态 320 个（sha 对账失败 0）
[labels] P1 档 200: 待跑 320
  [eval] 200/320
  [eval] 320/320
[labels] P1 加倍状态 90 个
[labels] P1 档 400: 待跑 90
  [eval] 90/90
[labels] P2 档 200: 待跑 320
  [eval] 200/320
  [eval] 320/320
[labels] P2 加倍状态 90 个
[labels] P2 档 400: 待跑 90
  [eval] 90/90
Loaded 470 random scenarios from /home/eg840/LiuProject/rl_trajectory/project/experiments/agentic_trajectory_planning/scenarios_agent/train
Loaded 120 random scenarios from /home/eg840/LiuProject/rl_trajectory/project/experiments/agentic_trajectory_planning/scenarios_agent/val
Loaded 470 random scenarios from /home/eg840/LiuProject/rl_trajectory/project/experiments/agentic_trajectory_planning/scenarios_agent/train
Loaded 120 random scenarios from /home/eg840/LiuProject/rl_trajectory/project/experiments/agentic_trajectory_planning/scenarios_agent/val
Loaded 470 random scenarios from /home/eg840/LiuProject/rl_trajectory/project/experiments/agentic_trajectory_planning/scenarios_agent/train
Loaded 120 random scenarios from /home/eg840/LiuProject/rl_trajectory/project/experiments/agentic_trajectory_planning/scenarios_agent/val
Loaded 470 random scenarios from /home/eg840/LiuProject/rl_trajectory/project/experiments/agentic_trajectory_planning/scenarios_agent/train
Loaded 120 random scenarios from /home/eg840/LiuProject/rl_trajectory/project/experiments/agentic_trajectory_planning/scenarios_agent/val
Loaded 470 random scenarios from /home/eg840/LiuProject/rl_trajectory/project/experiments/agentic_trajectory_planning/scenarios_agent/train
Loaded 120 random scenarios from /home/eg840/LiuProject/rl_trajectory/project/experiments/agentic_trajectory_planning/scenarios_agent/val
Loaded 470 random scenarios from /home/eg840/LiuProject/rl_trajectory/project/experiments/agentic_trajectory_planning/scenarios_agent/train
Loaded 120 random scenarios from /home/eg840/LiuProject/rl_trajectory/project/experiments/agentic_trajectory_planning/scenarios_agent/val
Loaded 470 random scenarios from /home/eg840/LiuProject/rl_trajectory/project/experiments/agentic_trajectory_planning/scenarios_agent/train
Loaded 120 random scenarios from /home/eg840/LiuProject/rl_trajectory/project/experiments/agentic_trajectory_planning/scenarios_agent/val
Loaded 470 random scenarios from /home/eg840/LiuProject/rl_trajectory/project/experiments/agentic_trajectory_planning/scenarios_agent/train
Loaded 120 random scenarios from /home/eg840/LiuProject/rl_trajectory/project/experiments/agentic_trajectory_planning/scenarios_agent/val
Loaded 470 random scenarios from /home/eg840/LiuProject/rl_trajectory/project/experiments/agentic_trajectory_planning/scenarios_agent/train
Loaded 120 random scenarios from /home/eg840/LiuProject/rl_trajectory/project/experiments/agentic_trajectory_planning/scenarios_agent/val
Loaded 470 random scenarios from /home/eg840/LiuProject/rl_trajectory/project/experiments/agentic_trajectory_planning/scenarios_agent/train
Loaded 120 random scenarios from /home/eg840/LiuProject/rl_trajectory/project/experiments/agentic_trajectory_planning/scenarios_agent/val
Loaded 470 random scenarios from /home/eg840/LiuProject/rl_trajectory/project/experiments/agentic_trajectory_planning/scenarios_agent/train
Loaded 120 random scenarios from /home/eg840/LiuProject/rl_trajectory/project/experiments/agentic_trajectory_planning/scenarios_agent/val
Loaded 470 random scenarios from /home/eg840/LiuProject/rl_trajectory/project/experiments/agentic_trajectory_planning/scenarios_agent/train
Loaded 120 random scenarios from /home/eg840/LiuProject/rl_trajectory/project/experiments/agentic_trajectory_planning/scenarios_agent/val
Loaded 470 random scenarios from /home/eg840/LiuProject/rl_trajectory/project/experiments/agentic_trajectory_planning/scenarios_agent/train
Loaded 120 random scenarios from /home/eg840/LiuProject/rl_trajectory/project/experiments/agentic_trajectory_planning/scenarios_agent/val
Loaded 470 random scenarios from /home/eg840/LiuProject/rl_trajectory/project/experiments/agentic_trajectory_planning/scenarios_agent/train
Loaded 120 random scenarios from /home/eg840/LiuProject/rl_trajectory/project/experiments/agentic_trajectory_planning/scenarios_agent/val
Loaded 470 random scenarios from /home/eg840/LiuProject/rl_trajectory/project/experiments/agentic_trajectory_planning/scenarios_agent/train
Loaded 120 random scenarios from /home/eg840/LiuProject/rl_trajectory/project/experiments/agentic_trajectory_planning/scenarios_agent/val
Loaded 470 random scenarios from /home/eg840/LiuProject/rl_trajectory/project/experiments/agentic_trajectory_planning/scenarios_agent/train
Loaded 120 random scenarios from /home/eg840/LiuProject/rl_trajectory/project/experiments/agentic_trajectory_planning/scenarios_agent/val
Loaded 470 random scenarios from /home/eg840/LiuProject/rl_trajectory/project/experiments/agentic_trajectory_planning/scenarios_agent/train
Loaded 120 random scenarios from /home/eg840/LiuProject/rl_trajectory/project/experiments/agentic_trajectory_planning/scenarios_agent/val
Loaded 470 random scenarios from /home/eg840/LiuProject/rl_trajectory/project/experiments/agentic_trajectory_planning/scenarios_agent/train
Loaded 120 random scenarios from /home/eg840/LiuProject/rl_trajectory/project/experiments/agentic_trajectory_planning/scenarios_agent/val
Loaded 470 random scenarios from /home/eg840/LiuProject/rl_trajectory/project/experiments/agentic_trajectory_planning/scenarios_agent/train
Loaded 120 random scenarios from /home/eg840/LiuProject/rl_trajectory/project/experiments/agentic_trajectory_planning/scenarios_agent/val
Loaded 470 random scenarios from /home/eg840/LiuProject/rl_trajectory/project/experiments/agentic_trajectory_planning/scenarios_agent/train
Loaded 120 random scenarios from /home/eg840/LiuProject/rl_trajectory/project/experiments/agentic_trajectory_planning/scenarios_agent/val
Loaded 470 random scenarios from /home/eg840/LiuProject/rl_trajectory/project/experiments/agentic_trajectory_planning/scenarios_agent/train
Loaded 120 random scenarios from /home/eg840/LiuProject/rl_trajectory/project/experiments/agentic_trajectory_planning/scenarios_agent/val
Loaded 470 random scenarios from /home/eg840/LiuProject/rl_trajectory/project/experiments/agentic_trajectory_planning/scenarios_agent/train
Loaded 120 random scenarios from /home/eg840/LiuProject/rl_trajectory/project/experiments/agentic_trajectory_planning/scenarios_agent/val
Loaded 470 random scenarios from /home/eg840/LiuProject/rl_trajectory/project/experiments/agentic_trajectory_planning/scenarios_agent/train
Loaded 120 random scenarios from /home/eg840/LiuProject/rl_trajectory/project/experiments/agentic_trajectory_planning/scenarios_agent/val
Loaded 470 random scenarios from /home/eg840/LiuProject/rl_trajectory/project/experiments/agentic_trajectory_planning/scenarios_agent/train
Loaded 120 random scenarios from /home/eg840/LiuProject/rl_trajectory/project/experiments/agentic_trajectory_planning/scenarios_agent/val
Loaded 470 random scenarios from /home/eg840/LiuProject/rl_trajectory/project/experiments/agentic_trajectory_planning/scenarios_agent/train
Loaded 120 random scenarios from /home/eg840/LiuProject/rl_trajectory/project/experiments/agentic_trajectory_planning/scenarios_agent/val
Loaded 470 random scenarios from /home/eg840/LiuProject/rl_trajectory/project/experiments/agentic_trajectory_planning/scenarios_agent/train
Loaded 120 random scenarios from /home/eg840/LiuProject/rl_trajectory/project/experiments/agentic_trajectory_planning/scenarios_agent/val
Loaded 470 random scenarios from /home/eg840/LiuProject/rl_trajectory/project/experiments/agentic_trajectory_planning/scenarios_agent/train
Loaded 120 random scenarios from /home/eg840/LiuProject/rl_trajectory/project/experiments/agentic_trajectory_planning/scenarios_agent/val
Loaded 470 random scenarios from /home/eg840/LiuProject/rl_trajectory/project/experiments/agentic_trajectory_planning/scenarios_agent/train
Loaded 120 random scenarios from /home/eg840/LiuProject/rl_trajectory/project/experiments/agentic_trajectory_planning/scenarios_agent/val
Loaded 470 random scenarios from /home/eg840/LiuProject/rl_trajectory/project/experiments/agentic_trajectory_planning/scenarios_agent/train
Loaded 120 random scenarios from /home/eg840/LiuProject/rl_trajectory/project/experiments/agentic_trajectory_planning/scenarios_agent/val
Loaded 470 random scenarios from /home/eg840/LiuProject/rl_trajectory/project/experiments/agentic_trajectory_planning/scenarios_agent/train
Loaded 120 random scenarios from /home/eg840/LiuProject/rl_trajectory/project/experiments/agentic_trajectory_planning/scenarios_agent/val
Loaded 470 random scenarios from /home/eg840/LiuProject/rl_trajectory/project/experiments/agentic_trajectory_planning/scenarios_agent/train
Loaded 120 random scenarios from /home/eg840/LiuProject/rl_trajectory/project/experiments/agentic_trajectory_planning/scenarios_agent/val
Loaded 470 random scenarios from /home/eg840/LiuProject/rl_trajectory/project/experiments/agentic_trajectory_planning/scenarios_agent/train
Loaded 120 random scenarios from /home/eg840/LiuProject/rl_trajectory/project/experiments/agentic_trajectory_planning/scenarios_agent/val
Loaded 470 random scenarios from /home/eg840/LiuProject/rl_trajectory/project/experiments/agentic_trajectory_planning/scenarios_agent/train
Loaded 120 random scenarios from /home/eg840/LiuProject/rl_trajectory/project/experiments/agentic_trajectory_planning/scenarios_agent/val
Loaded 470 random scenarios from /home/eg840/LiuProject/rl_trajectory/project/experiments/agentic_trajectory_planning/scenarios_agent/train
Loaded 120 random scenarios from /home/eg840/LiuProject/rl_trajectory/project/experiments/agentic_trajectory_planning/scenarios_agent/val
Loaded 470 random scenarios from /home/eg840/LiuProject/rl_trajectory/project/experiments/agentic_trajectory_planning/scenarios_agent/train
Loaded 120 random scenarios from /home/eg840/LiuProject/rl_trajectory/project/experiments/agentic_trajectory_planning/scenarios_agent/val
Loaded 470 random scenarios from /home/eg840/LiuProject/rl_trajectory/project/experiments/agentic_trajectory_planning/scenarios_agent/train
Loaded 120 random scenarios from /home/eg840/LiuProject/rl_trajectory/project/experiments/agentic_trajectory_planning/scenarios_agent/val
Loaded 470 random scenarios from /home/eg840/LiuProject/rl_trajectory/project/experiments/agentic_trajectory_planning/scenarios_agent/train
Loaded 120 random scenarios from /home/eg840/LiuProject/rl_trajectory/project/experiments/agentic_trajectory_planning/scenarios_agent/val
Loaded 470 random scenarios from /home/eg840/LiuProject/rl_trajectory/project/experiments/agentic_trajectory_planning/scenarios_agent/train
Loaded 120 random scenarios from /home/eg840/LiuProject/rl_trajectory/project/experiments/agentic_trajectory_planning/scenarios_agent/val
Loaded 470 random scenarios from /home/eg840/LiuProject/rl_trajectory/project/experiments/agentic_trajectory_planning/scenarios_agent/train
Loaded 120 random scenarios from /home/eg840/LiuProject/rl_trajectory/project/experiments/agentic_trajectory_planning/scenarios_agent/val
Loaded 470 random scenarios from /home/eg840/LiuProject/rl_trajectory/project/experiments/agentic_trajectory_planning/scenarios_agent/train
Loaded 120 random scenarios from /home/eg840/LiuProject/rl_trajectory/project/experiments/agentic_trajectory_planning/scenarios_agent/val
Loaded 470 random scenarios from /home/eg840/LiuProject/rl_trajectory/project/experiments/agentic_trajectory_planning/scenarios_agent/train
Loaded 120 random scenarios from /home/eg840/LiuProject/rl_trajectory/project/experiments/agentic_trajectory_planning/scenarios_agent/val
Loaded 470 random scenarios from /home/eg840/LiuProject/rl_trajectory/project/experiments/agentic_trajectory_planning/scenarios_agent/train
Loaded 120 random scenarios from /home/eg840/LiuProject/rl_trajectory/project/experiments/agentic_trajectory_planning/scenarios_agent/val
Loaded 470 random scenarios from /home/eg840/LiuProject/rl_trajectory/project/experiments/agentic_trajectory_planning/scenarios_agent/train
Loaded 120 random scenarios from /home/eg840/LiuProject/rl_trajectory/project/experiments/agentic_trajectory_planning/scenarios_agent/val
Loaded 470 random scenarios from /home/eg840/LiuProject/rl_trajectory/project/experiments/agentic_trajectory_planning/scenarios_agent/train
Loaded 120 random scenarios from /home/eg840/LiuProject/rl_trajectory/project/experiments/agentic_trajectory_planning/scenarios_agent/val
Loaded 470 random scenarios from /home/eg840/LiuProject/rl_trajectory/project/experiments/agentic_trajectory_planning/scenarios_agent/train
Loaded 120 random scenarios from /home/eg840/LiuProject/rl_trajectory/project/experiments/agentic_trajectory_planning/scenarios_agent/val
Loaded 470 random scenarios from /home/eg840/LiuProject/rl_trajectory/project/experiments/agentic_trajectory_planning/scenarios_agent/train
Loaded 120 random scenarios from /home/eg840/LiuProject/rl_trajectory/project/experiments/agentic_trajectory_planning/scenarios_agent/val
Loaded 470 random scenarios from /home/eg840/LiuProject/rl_trajectory/project/experiments/agentic_trajectory_planning/scenarios_agent/train
Loaded 120 random scenarios from /home/eg840/LiuProject/rl_trajectory/project/experiments/agentic_trajectory_planning/scenarios_agent/val
Loaded 470 random scenarios from /home/eg840/LiuProject/rl_trajectory/project/experiments/agentic_trajectory_planning/scenarios_agent/train
Loaded 120 random scenarios from /home/eg840/LiuProject/rl_trajectory/project/experiments/agentic_trajectory_planning/scenarios_agent/val
[labels] 完成
