Loaded 470 random scenarios from /home/eg840/LiuProject/rl_trajectory/project/experiments/agentic_trajectory_planning/scenarios_agent/train
Loaded 120 random scenarios from /home/eg840/LiuProject/rl_trajectory/project/experiments/agentic_trajectory_planning/scenarios_agent/val
[labels] 唯一状态 800 个（sha 对账失败 0）
[labels] 档 200: 待跑 800
  [eval] 200/800
  [eval] 400/800
  [eval] 600/800
  [eval] 800/800
[labels] 加倍状态 85 个
[labels] 档 400: 待跑 85
  [eval] 85/85
Loaded 470 random scenarios from /home/eg840/LiuProject/rl_trajectory/project/experiments/agentic_trajectory_planning/scenarios_agent/train
Loaded 120 random scenarios from /home/eg840/LiuProject/rl_trajectory/project/experiments/agentic_trajectory_planning/scenarios_agent/val
Loaded 470 random scenarios from /home/eg840/LiuProject/rl_trajectory/project/experiments/agentic_trajectory_planning/scenarios_agent/train
Loaded 120 random scenarios from /home/eg840/LiuProject/rl_trajectory/project/experiments/agentic_trajectory_planning/scenarios_agent/val
Loaded 470 random scenarios from /home/eg840/LiuProject/rl_trajectory/project/experiments/agentic_trajectory_planning/scenarios_agent/train
Loaded 120 random scenarios from /home/eg840/LiuProject/rl_trajectory/project/experiments/agentic_trajectory_planning/scenarios_agent/val
Loaded 470 random scenarios from /home/eg840/LiuProject/rl_trajectory/project/experiments/agentic_trajectory_planning/scenarios_agent/train
Loaded 120 random scenarios from /home/eg840/LiuProject/rl_trajectory/project/experiments/agentic_trajectory_planning/scenarios_agent/val
Loaded 470 random scenarios from /home/eg840/LiuProject/rl_trajectory/project/experiments/agentic_trajectory_planning/scenarios_agent/train
Loaded 120 random scenarios from /home/eg840/LiuProject/rl_trajectory/project/experiments/agentic_trajectory_planning/scenarios_agent/val
Loaded 470 random scenarios from /home/eg840/LiuProject/rl_trajectory/project/experiments/agentic_trajectory_planning/scenarios_agent/train
Loaded 120 random scenarios from /home/eg840/LiuProject/rl_trajectory/project/experiments/agentic_trajectory_planning/scenarios_agent/val
Loaded 470 random scenarios from /home/eg840/LiuProject/rl_trajectory/project/experiments/agentic_trajectory_planning/scenarios_agent/train
Loaded 120 random scenarios from /home/eg840/LiuProject/rl_trajectory/project/experiments/agentic_trajectory_planning/scenarios_agent/val
Loaded 470 random scenarios from /home/eg840/LiuProject/rl_trajectory/project/experiments/agentic_trajectory_planning/scenarios_agent/train
Loaded 120 random scenarios from /home/eg840/LiuProject/rl_trajectory/project/experiments/agentic_trajectory_planning/scenarios_agent/val
Loaded 470 random scenarios from /home/eg840/LiuProject/rl_trajectory/project/experiments/agentic_trajectory_planning/scenarios_agent/train
Loaded 120 random scenarios from /home/eg840/LiuProject/rl_trajectory/project/experiments/agentic_trajectory_planning/scenarios_agent/val
Loaded 470 random scenarios from /home/eg840/LiuProject/rl_trajectory/project/experiments/agentic_trajectory_planning/scenarios_agent/train
Loaded 120 random scenarios from /home/eg840/LiuProject/rl_trajectory/project/experiments/agentic_trajectory_planning/scenarios_agent/val
Loaded 470 random scenarios from /home/eg840/LiuProject/rl_trajectory/project/experiments/agentic_trajectory_planning/scenarios_agent/train
Loaded 120 random scenarios from /home/eg840/LiuProject/rl_trajectory/project/experiments/agentic_trajectory_planning/scenarios_agent/val
Loaded 470 random scenarios from /home/eg840/LiuProject/rl_trajectory/project/experiments/agentic_trajectory_planning/scenarios_agent/train
Loaded 120 random scenarios from /home/eg840/LiuProject/rl_trajectory/project/experiments/agentic_trajectory_planning/scenarios_agent/val
Loaded 470 random scenarios from /home/eg840/LiuProject/rl_trajectory/project/experiments/agentic_trajectory_planning/scenarios_agent/train
Loaded 120 random scenarios from /home/eg840/LiuProject/rl_trajectory/project/experiments/agentic_trajectory_planning/scenarios_agent/val
Loaded 470 random scenarios from /home/eg840/LiuProject/rl_trajectory/project/experiments/agentic_trajectory_planning/scenarios_agent/train
Loaded 120 random scenarios from /home/eg840/LiuProject/rl_trajectory/project/experiments/agentic_trajectory_planning/scenarios_agent/val
Loaded 470 random scenarios from /home/eg840/LiuProject/rl_trajectory/project/experiments/agentic_trajectory_planning/scenarios_agent/train
Loaded 120 random scenarios from /home/eg840/LiuProject/rl_trajectory/project/experiments/agentic_trajectory_planning/scenarios_agent/val
Loaded 470 random scenarios from /home/eg840/LiuProject/rl_trajectory/project/experiments/agentic_trajectory_planning/scenarios_agent/train
Loaded 120 random scenarios from /home/eg840/LiuProject/rl_trajectory/project/experiments/agentic_trajectory_planning/scenarios_agent/val
Loaded 470 random scenarios from /home/eg840/LiuProject/rl_trajectory/project/experiments/agentic_trajectory_planning/scenarios_agent/train
Loaded 120 random scenarios from /home/eg840/LiuProject/rl_trajectory/project/experiments/agentic_trajectory_planning/scenarios_agent/val
Loaded 470 random scenarios from /home/eg840/LiuProject/rl_trajectory/project/experiments/agentic_trajectory_planning/scenarios_agent/train
Loaded 120 random scenarios from /home/eg840/LiuProject/rl_trajectory/project/experiments/agentic_trajectory_planning/scenarios_agent/val
Loaded 470 random scenarios from /home/eg840/LiuProject/rl_trajectory/project/experiments/agentic_trajectory_planning/scenarios_agent/train
Loaded 120 random scenarios from /home/eg840/LiuProject/rl_trajectory/project/experiments/agentic_trajectory_planning/scenarios_agent/val
Loaded 470 random scenarios from /home/eg840/LiuProject/rl_trajectory/project/experiments/agentic_trajectory_planning/scenarios_agent/train
Loaded 120 random scenarios from /home/eg840/LiuProject/rl_trajectory/project/experiments/agentic_trajectory_planning/scenarios_agent/val
Loaded 470 random scenarios from /home/eg840/LiuProject/rl_trajectory/project/experiments/agentic_trajectory_planning/scenarios_agent/train
Loaded 120 random scenarios from /home/eg840/LiuProject/rl_trajectory/project/experiments/agentic_trajectory_planning/scenarios_agent/val
Loaded 470 random scenarios from /home/eg840/LiuProject/rl_trajectory/project/experiments/agentic_trajectory_planning/scenarios_agent/train
Loaded 120 random scenarios from /home/eg840/LiuProject/rl_trajectory/project/experiments/agentic_trajectory_planning/scenarios_agent/val
Loaded 470 random scenarios from /home/eg840/LiuProject/rl_trajectory/project/experiments/agentic_trajectory_planning/scenarios_agent/train
Loaded 120 random scenarios from /home/eg840/LiuProject/rl_trajectory/project/experiments/agentic_trajectory_planning/scenarios_agent/val
Loaded 470 random scenarios from /home/eg840/LiuProject/rl_trajectory/project/experiments/agentic_trajectory_planning/scenarios_agent/train
Loaded 120 random scenarios from /home/eg840/LiuProject/rl_trajectory/project/experiments/agentic_trajectory_planning/scenarios_agent/val
Loaded 470 random scenarios from /home/eg840/LiuProject/rl_trajectory/project/experiments/agentic_trajectory_planning/scenarios_agent/train
Loaded 120 random scenarios from /home/eg840/LiuProject/rl_trajectory/project/experiments/agentic_trajectory_planning/scenarios_agent/val
Loaded 470 random scenarios from /home/eg840/LiuProject/rl_trajectory/project/experiments/agentic_trajectory_planning/scenarios_agent/train
Loaded 120 random scenarios from /home/eg840/LiuProject/rl_trajectory/project/experiments/agentic_trajectory_planning/scenarios_agent/val
Loaded 470 random scenarios from /home/eg840/LiuProject/rl_trajectory/project/experiments/agentic_trajectory_planning/scenarios_agent/train
Loaded 120 random scenarios from /home/eg840/LiuProject/rl_trajectory/project/experiments/agentic_trajectory_planning/scenarios_agent/val
Loaded 470 random scenarios from /home/eg840/LiuProject/rl_trajectory/project/experiments/agentic_trajectory_planning/scenarios_agent/train
Loaded 120 random scenarios from /home/eg840/LiuProject/rl_trajectory/project/experiments/agentic_trajectory_planning/scenarios_agent/val
Loaded 470 random scenarios from /home/eg840/LiuProject/rl_trajectory/project/experiments/agentic_trajectory_planning/scenarios_agent/train
Loaded 120 random scenarios from /home/eg840/LiuProject/rl_trajectory/project/experiments/agentic_trajectory_planning/scenarios_agent/val
Loaded 470 random scenarios from /home/eg840/LiuProject/rl_trajectory/project/experiments/agentic_trajectory_planning/scenarios_agent/train
Loaded 120 random scenarios from /home/eg840/LiuProject/rl_trajectory/project/experiments/agentic_trajectory_planning/scenarios_agent/val
Loaded 470 random scenarios from /home/eg840/LiuProject/rl_trajectory/project/experiments/agentic_trajectory_planning/scenarios_agent/train
Loaded 120 random scenarios from /home/eg840/LiuProject/rl_trajectory/project/experiments/agentic_trajectory_planning/scenarios_agent/val
Loaded 470 random scenarios from /home/eg840/LiuProject/rl_trajectory/project/experiments/agentic_trajectory_planning/scenarios_agent/train
Loaded 120 random scenarios from /home/eg840/LiuProject/rl_trajectory/project/experiments/agentic_trajectory_planning/scenarios_agent/val
[labels] 完成
